// Jest Snapshot v1, https://goo.gl/fbAQLP

exports[`LottiePlayer renders correctly 1`] = `
<div
  id="lottie"
  style={{}}
/>
`;
