// Jest Snapshot v1, https://goo.gl/fbAQLP

exports[`FormEmail snapshot 1`] = `
<form
  action="#"
  className="formContent"
  onReset={[Function]}
  onSubmit={[Function]}
>
  <style
    dangerouslySetInnerHTML={
      {
        "__html": "@media (min-width:0px){.css-f8egr7{-webkit-flex-direction:column;-ms-flex-direction:column;flex-direction:column;gap:23px;}}@media (min-width:900px){.css-f8egr7{-webkit-flex-direction:row;-ms-flex-direction:row;flex-direction:row;gap:14px;}}",
      }
    }
    data-emotion="css f8egr7"
  />
  <div
    className="form MuiBox-root css-f8egr7"
  >
    <div
      className="content MuiBox-root css-0"
    >
      <style
        dangerouslySetInnerHTML={
          {
            "__html": ".css-1p7dktz .MuiInputBase-root{width:100%;height:42px;}.css-1p7dktz .MuiInputBase-root::after{border-bottom:2px solid var(--primary_yellow);}",
          }
        }
        data-emotion="css 1p7dktz"
      />
      <style
        dangerouslySetInnerHTML={
          {
            "__html": ".css-urunqk-MuiTextField-root .MuiInputBase-root{width:100%;height:42px;}.css-urunqk-MuiTextField-root .MuiInputBase-root::after{border-bottom:2px solid var(--primary_yellow);}",
          }
        }
        data-emotion="css urunqk-MuiTextField-root"
      />
      <style
        dangerouslySetInnerHTML={
          {
            "__html": ".css-mmzrjk-MuiFormControl-root-MuiTextField-root{display:-webkit-inline-box;display:-webkit-inline-flex;display:-ms-inline-flexbox;display:inline-flex;-webkit-flex-direction:column;-ms-flex-direction:column;flex-direction:column;position:relative;min-width:0;padding:0;margin:0;border:0;vertical-align:top;}.css-mmzrjk-MuiFormControl-root-MuiTextField-root .MuiInputBase-root{width:100%;height:42px;}.css-mmzrjk-MuiFormControl-root-MuiTextField-root .MuiInputBase-root::after{border-bottom:2px solid var(--primary_yellow);}",
          }
        }
        data-emotion="css mmzrjk-MuiFormControl-root-MuiTextField-root"
      />
      <div
        className="MuiFormControl-root MuiTextField-root css-mmzrjk-MuiFormControl-root-MuiTextField-root"
      >
        <style
          dangerouslySetInnerHTML={
            {
              "__html": "@-webkit-keyframes mui-auto-fill{from{display:block;}}@keyframes mui-auto-fill{from{display:block;}}@-webkit-keyframes mui-auto-fill-cancel{from{display:block;}}@keyframes mui-auto-fill-cancel{from{display:block;}}",
            }
          }
          data-emotion="css-global 1prfaxn"
        />
        <style
          dangerouslySetInnerHTML={
            {
              "__html": ".css-v4u5dn-MuiInputBase-root-MuiInput-root{font-family:"Roboto","Helvetica","Arial",sans-serif;font-weight:400;font-size:1rem;line-height:1.4375em;letter-spacing:0.00938em;color:rgba(0, 0, 0, 0.87);box-sizing:border-box;position:relative;cursor:text;display:-webkit-inline-box;display:-webkit-inline-flex;display:-ms-inline-flexbox;display:inline-flex;-webkit-align-items:center;-webkit-box-align:center;-ms-flex-align:center;align-items:center;position:relative;}.css-v4u5dn-MuiInputBase-root-MuiInput-root.Mui-disabled{color:rgba(0, 0, 0, 0.38);cursor:default;}label+.css-v4u5dn-MuiInputBase-root-MuiInput-root{margin-top:16px;}.css-v4u5dn-MuiInputBase-root-MuiInput-root:after{border-bottom:2px solid #1976d2;left:0;bottom:0;content:"";position:absolute;right:0;-webkit-transform:scaleX(0);-moz-transform:scaleX(0);-ms-transform:scaleX(0);transform:scaleX(0);-webkit-transition:-webkit-transform 200ms cubic-bezier(0.0, 0, 0.2, 1) 0ms;transition:transform 200ms cubic-bezier(0.0, 0, 0.2, 1) 0ms;pointer-events:none;}.css-v4u5dn-MuiInputBase-root-MuiInput-root.Mui-focused:after{-webkit-transform:scaleX(1) translateX(0);-moz-transform:scaleX(1) translateX(0);-ms-transform:scaleX(1) translateX(0);transform:scaleX(1) translateX(0);}.css-v4u5dn-MuiInputBase-root-MuiInput-root.Mui-error:before,.css-v4u5dn-MuiInputBase-root-MuiInput-root.Mui-error:after{border-bottom-color:#d32f2f;}.css-v4u5dn-MuiInputBase-root-MuiInput-root:before{border-bottom:1px solid rgba(0, 0, 0, 0.42);left:0;bottom:0;content:"\\00a0";position:absolute;right:0;-webkit-transition:border-bottom-color 200ms cubic-bezier(0.4, 0, 0.2, 1) 0ms;transition:border-bottom-color 200ms cubic-bezier(0.4, 0, 0.2, 1) 0ms;pointer-events:none;}.css-v4u5dn-MuiInputBase-root-MuiInput-root:hover:not(.Mui-disabled, .Mui-error):before{border-bottom:2px solid rgba(0, 0, 0, 0.87);}@media (hover: none){.css-v4u5dn-MuiInputBase-root-MuiInput-root:hover:not(.Mui-disabled, .Mui-error):before{border-bottom:1px solid rgba(0, 0, 0, 0.42);}}.css-v4u5dn-MuiInputBase-root-MuiInput-root.Mui-disabled:before{border-bottom-style:dotted;}",
            }
          }
          data-emotion="css v4u5dn-MuiInputBase-root-MuiInput-root"
        />
        <div
          className="MuiInputBase-root MuiInput-root MuiInput-underline MuiInputBase-colorPrimary MuiInputBase-formControl css-v4u5dn-MuiInputBase-root-MuiInput-root"
          onClick={[Function]}
        >
          <style
            dangerouslySetInnerHTML={
              {
                "__html": ".css-1x51dt5-MuiInputBase-input-MuiInput-input{font:inherit;letter-spacing:inherit;color:currentColor;padding:4px 0 5px;border:0;box-sizing:content-box;background:none;height:1.4375em;margin:0;-webkit-tap-highlight-color:transparent;display:block;min-width:0;width:100%;-webkit-animation-name:mui-auto-fill-cancel;animation-name:mui-auto-fill-cancel;-webkit-animation-duration:10ms;animation-duration:10ms;}.css-1x51dt5-MuiInputBase-input-MuiInput-input::-webkit-input-placeholder{color:currentColor;opacity:0.42;-webkit-transition:opacity 200ms cubic-bezier(0.4, 0, 0.2, 1) 0ms;transition:opacity 200ms cubic-bezier(0.4, 0, 0.2, 1) 0ms;}.css-1x51dt5-MuiInputBase-input-MuiInput-input::-moz-placeholder{color:currentColor;opacity:0.42;-webkit-transition:opacity 200ms cubic-bezier(0.4, 0, 0.2, 1) 0ms;transition:opacity 200ms cubic-bezier(0.4, 0, 0.2, 1) 0ms;}.css-1x51dt5-MuiInputBase-input-MuiInput-input:-ms-input-placeholder{color:currentColor;opacity:0.42;-webkit-transition:opacity 200ms cubic-bezier(0.4, 0, 0.2, 1) 0ms;transition:opacity 200ms cubic-bezier(0.4, 0, 0.2, 1) 0ms;}.css-1x51dt5-MuiInputBase-input-MuiInput-input::-ms-input-placeholder{color:currentColor;opacity:0.42;-webkit-transition:opacity 200ms cubic-bezier(0.4, 0, 0.2, 1) 0ms;transition:opacity 200ms cubic-bezier(0.4, 0, 0.2, 1) 0ms;}.css-1x51dt5-MuiInputBase-input-MuiInput-input:focus{outline:0;}.css-1x51dt5-MuiInputBase-input-MuiInput-input:invalid{box-shadow:none;}.css-1x51dt5-MuiInputBase-input-MuiInput-input::-webkit-search-decoration{-webkit-appearance:none;}label[data-shrink=false]+.MuiInputBase-formControl .css-1x51dt5-MuiInputBase-input-MuiInput-input::-webkit-input-placeholder{opacity:0!important;}label[data-shrink=false]+.MuiInputBase-formControl .css-1x51dt5-MuiInputBase-input-MuiInput-input::-moz-placeholder{opacity:0!important;}label[data-shrink=false]+.MuiInputBase-formControl .css-1x51dt5-MuiInputBase-input-MuiInput-input:-ms-input-placeholder{opacity:0!important;}label[data-shrink=false]+.MuiInputBase-formControl .css-1x51dt5-MuiInputBase-input-MuiInput-input::-ms-input-placeholder{opacity:0!important;}label[data-shrink=false]+.MuiInputBase-formControl .css-1x51dt5-MuiInputBase-input-MuiInput-input:focus::-webkit-input-placeholder{opacity:0.42;}label[data-shrink=false]+.MuiInputBase-formControl .css-1x51dt5-MuiInputBase-input-MuiInput-input:focus::-moz-placeholder{opacity:0.42;}label[data-shrink=false]+.MuiInputBase-formControl .css-1x51dt5-MuiInputBase-input-MuiInput-input:focus:-ms-input-placeholder{opacity:0.42;}label[data-shrink=false]+.MuiInputBase-formControl .css-1x51dt5-MuiInputBase-input-MuiInput-input:focus::-ms-input-placeholder{opacity:0.42;}.css-1x51dt5-MuiInputBase-input-MuiInput-input.Mui-disabled{opacity:1;-webkit-text-fill-color:rgba(0, 0, 0, 0.38);}.css-1x51dt5-MuiInputBase-input-MuiInput-input:-webkit-autofill{-webkit-animation-duration:5000s;animation-duration:5000s;-webkit-animation-name:mui-auto-fill;animation-name:mui-auto-fill;}",
              }
            }
            data-emotion="css 1x51dt5-MuiInputBase-input-MuiInput-input"
          />
          <input
            aria-invalid={false}
            autoComplete="off"
            autoFocus={false}
            className="MuiInputBase-input MuiInput-input css-1x51dt5-MuiInputBase-input-MuiInput-input"
            disabled={false}
            id=":r0:"
            name="email"
            onAnimationStart={[Function]}
            onBlur={[Function]}
            onChange={[Function]}
            onFocus={[Function]}
            placeholder="Doe@email.com"
            required={false}
            type="text"
          />
        </div>
      </div>
    </div>
    <style
      dangerouslySetInnerHTML={
        {
          "__html": ".css-m8m39e{width:92px;height:42px;background:var(--primary_yellow);}.css-m8m39e:hover{background:var(--primary_yellow);}",
        }
      }
      data-emotion="css m8m39e"
    />
    <style
      dangerouslySetInnerHTML={
        {
          "__html": ".css-1tdybed-MuiButton-root{font-family:"Roboto","Helvetica","Arial",sans-serif;font-weight:500;font-size:0.875rem;line-height:1.75;letter-spacing:0.02857em;text-transform:uppercase;min-width:64px;padding:6px 16px;border-radius:4px;-webkit-transition:background-color 250ms cubic-bezier(0.4, 0, 0.2, 1) 0ms,box-shadow 250ms cubic-bezier(0.4, 0, 0.2, 1) 0ms,border-color 250ms cubic-bezier(0.4, 0, 0.2, 1) 0ms,color 250ms cubic-bezier(0.4, 0, 0.2, 1) 0ms;transition:background-color 250ms cubic-bezier(0.4, 0, 0.2, 1) 0ms,box-shadow 250ms cubic-bezier(0.4, 0, 0.2, 1) 0ms,border-color 250ms cubic-bezier(0.4, 0, 0.2, 1) 0ms,color 250ms cubic-bezier(0.4, 0, 0.2, 1) 0ms;color:#fff;background-color:#1976d2;box-shadow:0px 3px 1px -2px rgba(0,0,0,0.2),0px 2px 2px 0px rgba(0,0,0,0.14),0px 1px 5px 0px rgba(0,0,0,0.12);width:92px;height:42px;background:var(--primary_yellow);}.css-1tdybed-MuiButton-root:hover{-webkit-text-decoration:none;text-decoration:none;background-color:#1565c0;box-shadow:0px 2px 4px -1px rgba(0,0,0,0.2),0px 4px 5px 0px rgba(0,0,0,0.14),0px 1px 10px 0px rgba(0,0,0,0.12);}@media (hover: none){.css-1tdybed-MuiButton-root:hover{background-color:#1976d2;}}.css-1tdybed-MuiButton-root:active{box-shadow:0px 5px 5px -3px rgba(0,0,0,0.2),0px 8px 10px 1px rgba(0,0,0,0.14),0px 3px 14px 2px rgba(0,0,0,0.12);}.css-1tdybed-MuiButton-root.Mui-focusVisible{box-shadow:0px 3px 5px -1px rgba(0,0,0,0.2),0px 6px 10px 0px rgba(0,0,0,0.14),0px 1px 18px 0px rgba(0,0,0,0.12);}.css-1tdybed-MuiButton-root.Mui-disabled{color:rgba(0, 0, 0, 0.26);box-shadow:none;background-color:rgba(0, 0, 0, 0.12);}.css-1tdybed-MuiButton-root:hover{background:var(--primary_yellow);}",
        }
      }
      data-emotion="css 1tdybed-MuiButton-root"
    />
    <style
      dangerouslySetInnerHTML={
        {
          "__html": ".css-1i76fr2-MuiButtonBase-root-MuiButton-root{display:-webkit-inline-box;display:-webkit-inline-flex;display:-ms-inline-flexbox;display:inline-flex;-webkit-align-items:center;-webkit-box-align:center;-ms-flex-align:center;align-items:center;-webkit-box-pack:center;-ms-flex-pack:center;-webkit-justify-content:center;justify-content:center;position:relative;box-sizing:border-box;-webkit-tap-highlight-color:transparent;background-color:transparent;outline:0;border:0;margin:0;border-radius:0;padding:0;cursor:pointer;-webkit-user-select:none;-moz-user-select:none;-ms-user-select:none;user-select:none;vertical-align:middle;-moz-appearance:none;-webkit-appearance:none;-webkit-text-decoration:none;text-decoration:none;color:inherit;font-family:"Roboto","Helvetica","Arial",sans-serif;font-weight:500;font-size:0.875rem;line-height:1.75;letter-spacing:0.02857em;text-transform:uppercase;min-width:64px;padding:6px 16px;border-radius:4px;-webkit-transition:background-color 250ms cubic-bezier(0.4, 0, 0.2, 1) 0ms,box-shadow 250ms cubic-bezier(0.4, 0, 0.2, 1) 0ms,border-color 250ms cubic-bezier(0.4, 0, 0.2, 1) 0ms,color 250ms cubic-bezier(0.4, 0, 0.2, 1) 0ms;transition:background-color 250ms cubic-bezier(0.4, 0, 0.2, 1) 0ms,box-shadow 250ms cubic-bezier(0.4, 0, 0.2, 1) 0ms,border-color 250ms cubic-bezier(0.4, 0, 0.2, 1) 0ms,color 250ms cubic-bezier(0.4, 0, 0.2, 1) 0ms;color:#fff;background-color:#1976d2;box-shadow:0px 3px 1px -2px rgba(0,0,0,0.2),0px 2px 2px 0px rgba(0,0,0,0.14),0px 1px 5px 0px rgba(0,0,0,0.12);width:92px;height:42px;background:var(--primary_yellow);}.css-1i76fr2-MuiButtonBase-root-MuiButton-root::-moz-focus-inner{border-style:none;}.css-1i76fr2-MuiButtonBase-root-MuiButton-root.Mui-disabled{pointer-events:none;cursor:default;}@media print{.css-1i76fr2-MuiButtonBase-root-MuiButton-root{-webkit-print-color-adjust:exact;color-adjust:exact;}}.css-1i76fr2-MuiButtonBase-root-MuiButton-root:hover{-webkit-text-decoration:none;text-decoration:none;background-color:#1565c0;box-shadow:0px 2px 4px -1px rgba(0,0,0,0.2),0px 4px 5px 0px rgba(0,0,0,0.14),0px 1px 10px 0px rgba(0,0,0,0.12);}@media (hover: none){.css-1i76fr2-MuiButtonBase-root-MuiButton-root:hover{background-color:#1976d2;}}.css-1i76fr2-MuiButtonBase-root-MuiButton-root:active{box-shadow:0px 5px 5px -3px rgba(0,0,0,0.2),0px 8px 10px 1px rgba(0,0,0,0.14),0px 3px 14px 2px rgba(0,0,0,0.12);}.css-1i76fr2-MuiButtonBase-root-MuiButton-root.Mui-focusVisible{box-shadow:0px 3px 5px -1px rgba(0,0,0,0.2),0px 6px 10px 0px rgba(0,0,0,0.14),0px 1px 18px 0px rgba(0,0,0,0.12);}.css-1i76fr2-MuiButtonBase-root-MuiButton-root.Mui-disabled{color:rgba(0, 0, 0, 0.26);box-shadow:none;background-color:rgba(0, 0, 0, 0.12);}.css-1i76fr2-MuiButtonBase-root-MuiButton-root:hover{background:var(--primary_yellow);}",
        }
      }
      data-emotion="css 1i76fr2-MuiButtonBase-root-MuiButton-root"
    />
    <button
      className="MuiButtonBase-root MuiButton-root MuiButton-contained MuiButton-containedPrimary MuiButton-sizeMedium MuiButton-containedSizeMedium MuiButton-root MuiButton-contained MuiButton-containedPrimary MuiButton-sizeMedium MuiButton-containedSizeMedium css-1i76fr2-MuiButtonBase-root-MuiButton-root"
      disabled={false}
      onBlur={[Function]}
      onContextMenu={[Function]}
      onDragLeave={[Function]}
      onFocus={[Function]}
      onKeyDown={[Function]}
      onKeyUp={[Function]}
      onMouseDown={[Function]}
      onMouseLeave={[Function]}
      onMouseUp={[Function]}
      onTouchEnd={[Function]}
      onTouchMove={[Function]}
      onTouchStart={[Function]}
      tabIndex={0}
      type="submit"
    >
      JOIN
    </button>
  </div>
</form>
`;
